toothbrush                          0.99
toothbrush                          0.99
2 for 0.99(toothbrush)             -0.99

Total:                              0.99
