toothpaste                         21.48
  1.79 * c
5 for 7.49(toothpaste)             -2.92

Total:                             18.56
