cherry tomatoes                     0.69

Total:                              0.69
