cherry tomatoes                     4.83
  0.69 * 7
2 for 0.99(cherry tomatoes)        -1.17

Total:                              3.66
