Toothpaste                          5.37
  1.79 * 3
Toothpaste                          3.58
  1.79 * 2
5 for 7.49(Toothpaste)             -1.46

Total:                              7.49
