Box of Cherry Tomatoes              2.07
  0.69 * 3
2 for 0.99(Box of Cherry Tomatoes) -0.39

Total:                              1.68
